BL51 BANKED LINKER/LOCATER V6.22.2.0                                                    09/18/2019  01:53:58  PAGE 1


BL51 BANKED LINKER/LOCATER V6.22.2.0, INVOKED BY:
C:\PROGRAM FILES\KEIL5\C51\BIN\BL51.EXE .\Objects\STARTUP.obj, .\Objects\main8.obj TO .\Objects\test PRINT (.\Listings\t
>> est.m51) RAMSIZE (256)


MEMORY MODEL: SMALL


INPUT MODULES INCLUDED:
  .\Objects\STARTUP.obj (?C_STARTUP)
  .\Objects\main8.obj (MAIN8)


LINK MAP OF MODULE:  .\Objects\test (?C_STARTUP)


            TYPE    BASE      LENGTH    RELOCATION   SEGMENT NAME
            -----------------------------------------------------

            * * * * * * *   D A T A   M E M O R Y   * * * * * * *
            REG     0000H     0008H     ABSOLUTE     "REG BANK 0"
            IDATA   0008H     0001H     UNIT         ?STACK

            * * * * * * *   C O D E   M E M O R Y   * * * * * * *
            CODE    0000H     0003H     ABSOLUTE     
                    0003H     07FDH                  *** GAP ***
            CODE    0800H     001EH     UNIT         ?PR?_DELAY?MAIN8
            CODE    081EH     0014H     UNIT         ?PR?MAIN?MAIN8
            CODE    0832H     000CH     UNIT         ?C_C51STARTUP



OVERLAY MAP OF MODULE:   .\Objects\test (?C_STARTUP)


SEGMENT
  +--> CALLED SEGMENT
---------------------
?C_C51STARTUP
  +--> ?PR?MAIN?MAIN8

?PR?MAIN?MAIN8
  +--> ?PR?_DELAY?MAIN8



SYMBOL TABLE OF MODULE:  .\Objects\test (?C_STARTUP)

  VALUE           TYPE          NAME
  ----------------------------------

  -------         MODULE        ?C_STARTUP
  C:0832H         SEGMENT       ?C_C51STARTUP
  I:0008H         SEGMENT       ?STACK
  C:0000H         PUBLIC        ?C_STARTUP
  D:00E0H         SYMBOL        ACC
  D:00F0H         SYMBOL        B
  D:0083H         SYMBOL        DPH
BL51 BANKED LINKER/LOCATER V6.22.2.0                                                  09/18/2019  01:53:58  PAGE 2


  D:0082H         SYMBOL        DPL
  N:0000H         SYMBOL        IBPSTACK
  N:0100H         SYMBOL        IBPSTACKTOP
  N:0080H         SYMBOL        IDATALEN
  C:0835H         SYMBOL        IDATALOOP
  N:0000H         SYMBOL        PBPSTACK
  N:0100H         SYMBOL        PBPSTACKTOP
  N:0000H         SYMBOL        PDATALEN
  N:0000H         SYMBOL        PDATASTART
  N:0000H         SYMBOL        PPAGE
  N:0000H         SYMBOL        PPAGEENABLE
  D:00A0H         SYMBOL        PPAGE_SFR
  D:0081H         SYMBOL        SP
  C:0832H         SYMBOL        STARTUP1
  N:0000H         SYMBOL        XBPSTACK
  N:0000H         SYMBOL        XBPSTACKTOP
  N:0000H         SYMBOL        XDATALEN
  N:0000H         SYMBOL        XDATASTART
  C:0000H         LINE#         126
  C:0832H         LINE#         133
  C:0834H         LINE#         134
  C:0835H         LINE#         135
  C:0836H         LINE#         136
  C:0838H         LINE#         185
  C:083BH         LINE#         196
  -------         ENDMOD        ?C_STARTUP

  -------         MODULE        MAIN8
  C:0000H         SYMBOL        _ICE_DUMMY_
  D:0090H         PUBLIC        P1
  D:00B0H         PUBLIC        P3
  D:00A8H         PUBLIC        IE
  C:0800H         PUBLIC        _delay
  D:00B8H         PUBLIC        IP
  B:00B0H.4       PUBLIC        k1
  C:081EH         PUBLIC        main
  D:0098H         PUBLIC        SCON
  D:0088H         PUBLIC        TCON
  B:0090H.0       PUBLIC        led1
  D:00C8H         PUBLIC        T2CON
  D:00D0H         PUBLIC        PSW
  -------         PROC          _DELAY
  D:0006H         SYMBOL        xms
  -------         DO            
  D:0006H         SYMBOL        i
  D:0004H         SYMBOL        j
  -------         ENDDO         
  C:0800H         LINE#         6
  C:0800H         LINE#         7
  C:0800H         LINE#         9
  C:0809H         LINE#         10
  C:081DH         LINE#         11
  -------         ENDPROC       _DELAY
  -------         PROC          MAIN
  C:081EH         LINE#         13
  C:081EH         LINE#         14
  C:081EH         LINE#         15
BL51 BANKED LINKER/LOCATER V6.22.2.0                                                  09/18/2019  01:53:58  PAGE 3


  C:0821H         LINE#         16
  C:0821H         LINE#         17
  C:0821H         LINE#         18
  C:0824H         LINE#         19
  C:0824H         LINE#         20
  C:082BH         LINE#         21
  C:082EH         LINE#         22
  C:082EH         LINE#         24
  C:0830H         LINE#         25
  C:0830H         LINE#         26
  C:0830H         LINE#         27
  -------         ENDPROC       MAIN
  -------         ENDMOD        MAIN8

******************************************************************************
* RESTRICTED VERSION WITH 0800H BYTE CODE SIZE LIMIT; USED: 0041H BYTE ( 3%) *
******************************************************************************

Program Size: data=9.0 xdata=0 code=65
LINK/LOCATE RUN COMPLETE.  0 WARNING(S),  0 ERROR(S)
